HerkluexServo.c:48:6:sendPacket.constprop	40	static
HerkluexServo.c:10:19:initializeServoBus	16	static
HerkluexServo.c:48:6:sendPacket	48	static
HerkluexServo.c:104:6:prepareIndividualMove	0	static
HerkluexServo.c:110:6:prepareSynchronizedMove	0	static
HerkluexServo.c:117:6:executeMove	48	static
HerkluexServo.c:144:16:initializeServo	16	static
HerkluexServo.c:161:6:jog	48	static
HerkluexServo.c:213:6:setPosition	16	static
HerkluexServo.c:240:6:setSpeed	16	static
HerkluexServo.c:284:6:setTorqueOn	40	static
HerkluexServo.c:289:6:setTorqueOff	40	static
HerkluexServo.c:294:6:setBrake	40	static
HerkluexServo.c:299:6:setLedColor	40	static
HerkluexServo.c:309:6:writeRam	40	static
HerkluexServo.c:318:6:writeRam2	40	static
HerkluexServo.c:328:6:writeEep	40	static
HerkluexServo.c:337:6:writeEep2	40	static
HerkluexServo.c:347:6:enablePositionControlMode	40	static
HerkluexServo.c:371:6:enableSpeedControlMode	40	static
HerkluexServo.c:392:6:servoReboot	40	static
HerkluexServo.c:397:6:rollBackToFactoryDefault	40	static
