HerkluexServo.c:10:19:initializeServoBus	32	static
HerkluexServo.c:48:6:sendPacket	72	static
HerkluexServo.c:102:6:processPacket	24	static
HerkluexServo.c:204:9:getPacket	24	static
HerkluexServo.c:228:9:sendPacketAndWaitResponse	40	static
HerkluexServo.c:268:6:prepareIndividualMove	16	static
HerkluexServo.c:274:6:prepareSynchronizedMove	32	static
HerkluexServo.c:283:6:executeMove	32	static
HerkluexServo.c:310:16:initializeServo	24	static
HerkluexServo.c:327:6:jog	32	static
HerkluexServo.c:379:6:setPosition	40	static
HerkluexServo.c:412:6:setSpeed	40	static
HerkluexServo.c:458:6:setTorqueOn	16	static
HerkluexServo.c:463:6:setTorqueOff	16	static
HerkluexServo.c:468:6:setBrake	16	static
HerkluexServo.c:473:6:setLedColor	16	static
HerkluexServo.c:484:6:writeRam	24	static
HerkluexServo.c:493:6:writeRam2	24	static
HerkluexServo.c:503:6:writeEep	24	static
HerkluexServo.c:512:6:writeEep2	24	static
HerkluexServo.c:522:9:readRam	32	static
HerkluexServo.c:536:6:enablePositionControlMode	32	static
HerkluexServo.c:560:6:enableSpeedControlMode	32	static
HerkluexServo.c:582:6:servoReboot	24	static
HerkluexServo.c:587:6:rollBackToFactoryDefault	24	static
